Scope: all 4 workspace projects
? Verifying lockfile against supply-chain policies (257 entries)...
Lockfile is up to date, resolution step is skipped
Progress: resolved 1, reused 0, downloaded 0, added 0
Packages: +201
++++++++++++++++++++++++++++++++++++++++++++++++++++++++++++++++++++++++++++++++

   ╭─────────────────────────────────────────╮
   │                                         │
   │   Update available! 11.19.0 → 12.5.1.   │
   │   Changelog: https://pnpm.io/v/12.5.1   │
   │    To update, run: pnpm add -g pnpm     │
   │                                         │
   ╰─────────────────────────────────────────╯

Packages are hard linked from the content-addressable store to the virtual store.
  Content-addressable store is at: <workspace>\.pnpm-store\v11
  Virtual store is at:             node_modules/.pnpm
Progress: resolved 201, reused 0, downloaded 193, added 180
Progress: resolved 201, reused 0, downloaded 200, added 201, done
✓ Lockfile passes supply-chain policies (257 entries in 1.8s)
.../esbuild@0.28.1/node_modules/esbuild postinstall$ node install.js
.../esbuild@0.28.1/node_modules/esbuild postinstall: Done

devDependencies:
+ typescript 5.9.3

Done in 2.7s using pnpm v11.19.0
