Scope: all 4 workspace projects
? Verifying lockfile against supply-chain policies (257 entries)...
Lockfile is up to date, resolution step is skipped
Progress: resolved 1, reused 0, downloaded 0, added 0
Packages: +201
++++++++++++++++++++++++++++++++++++++++++++++++++++++++++++++++++++++++++++++++
Packages are hard linked from the content-addressable store to the virtual store.
  Content-addressable store is at: C:\Repositorios\Skill BPMN v2\.pnpm-store\v11
  Virtual store is at:             node_modules/.pnpm

   ╭─────────────────────────────────────────╮
   │                                         │
   │   Update available! 11.19.0 → 12.5.1.   │
   │   Changelog: https://pnpm.io/v/12.5.1   │
   │    To update, run: pnpm add -g pnpm     │
   │                                         │
   ╰─────────────────────────────────────────╯

Progress: resolved 201, reused 200, downloaded 0, added 201, done
✓ Lockfile passes supply-chain policies (257 entries in 1.4s)

devDependencies:
+ typescript 5.9.3

Done in 1.7s using pnpm v11.19.0
