Using Python 3.14.0 environment at: C:\Repositorios\Skill BPMN v2\.venv-bpmn
Resolved 25 packages in 371ms
   Building bpmn-eval @ file:///C:/Repositorios/Skill%20BPMN%20v2/BPMN-DSL-Monorepo/TFM-eval
Downloading mypy (10.9MiB)
Downloading pygments (1.2MiB)
Downloading lxml (3.9MiB)
Downloading ast-serialize (1.1MiB)
Downloading ruff (10.1MiB)
 Downloaded ast-serialize
 Downloaded pygments
 Downloaded lxml
 Downloaded ruff
 Downloaded mypy
      Built bpmn-eval @ file:///C:/Repositorios/Skill%20BPMN%20v2/BPMN-DSL-Monorepo/TFM-eval
Prepared 25 packages in 1.62s
Installed 25 packages in 451ms
 + ast-serialize==0.11.2
 + bpmn-eval==0.1.0 (from file:///C:/Repositorios/Skill%20BPMN%20v2/BPMN-DSL-Monorepo/TFM-eval)
 + certifi==2026.7.22
 + charset-normalizer==3.5.1
 + colorama==0.4.6
 + coverage==7.16.1
 + idna==3.20
 + iniconfig==2.3.0
 + librt==0.15.0
 + lxml==6.1.3
 + lxml-stubs==0.5.1
 + mypy==2.3.1
 + mypy-extensions==1.1.0
 + packaging==26.3
 + pathspec==1.1.1
 + pluggy==1.6.0
 + pygments==2.21.0
 + pytest==9.1.1
 + pytest-cov==7.1.0
 + regex==2026.9.10
 + requests==2.34.2
 + ruff==0.16.8
 + tiktoken==0.14.0
 + typing-extensions==4.16.0
 + urllib3==2.8.0
